M4-020 GitHub Actions native regression run
Run: 36192502871 (#5)
URL: https://github.com/NJHTR/pong/actions/runs/36192502871
HEAD: a8f13f04c972c7371f96ada0644048230c84ffc3
Date: 2026-09-26

Both native jobs completed the quality gates:
- cargo fmt --all -- --check: exit 0
- cargo check --all-targets --locked: exit 0
- cargo clippy --all-targets --all-features --locked -- -D warnings: exit 0

Linux native (ubuntu-24.04, x86_64, ext4, Rust/Cargo 1.98.1):
- focused matrix: exit 101
- full cargo test --all --locked: exit 101
- failures:
  - http_hardening::process_credential_reload_rotates_and_revokes_without_touching_core_state
  - cross_workspace_source::x21_cold_reopen
- x21_cold_reopen reported NotFound because the test dropped its temporary
  project fixture before Repository reopen.
- The HTTP process test received EOF while parsing an empty readiness line.
  The test helper created a credential file with broad Unix permissions, so
  the production loader rejected it before readiness.

macOS native (macos-14, arm64, Rust/Cargo 1.98.1):
- focused matrix: exit 101
- full cargo test --all --locked: exit 101
- failures:
  - http_hardening::process_credential_reload_rotates_and_revokes_without_touching_core_state
  - cross_workspace_source::x21_cold_reopen
- x21_cold_reopen reported NotFound for the deleted temporary project root.
- The HTTP process test received the same empty-readiness EOF caused by the
  Unix credential permission setup in the test helper.

Artifact hashes:
- m4-linux-native-regression (2).zip:
  18a6856615efc7dcfd6f808eeb2d7cbf0df55aeb497aa7abb53f1c250b38702a
- m4-macos-native-regression (2).zip:
  e72f5be404a5a47142e547751c0d3e767c0a3b285754e4b11d385e2c017b6e4d

Windows validation after the pending fixes:
- cargo fmt --all -- --check: PASS
- cargo check --all-targets --locked: PASS
- cargo clippy --all-targets --all-features --locked -- -D warnings: PASS
- cross_workspace_source: 30 passed, 0 failed
- cross_workspace_materialization: 43 passed, 0 failed
- cross_workspace_rollback: 47 passed, 0 failed
- http_hardening: 10 passed, 0 failed
- core_ownership: 2 passed, 0 failed
- http_remote_transport: 16 passed, 0 failed
- real_remote_e2e: 9 passed, 0 failed
- cargo test --all --locked: PASS, exit 0

Disposition:
- Windows: PASS
- Linux: FAIL, real native evidence
- macOS: FAIL, real native evidence
- Protocol v1.0: PASS / unchanged
- production code: unchanged
- M4-020: BLOCKED / NATIVE REGRESSION FAILURES
- no checkpoint, push, or tag was created by this evidence update
