[1m[92m    Updating[0m crates.io index
[1m[92m Downloading[0m crates ...
[1m[92m  Downloaded[0m block-buffer v0.10.4
[1m[92m  Downloaded[0m pkg-config v0.3.34
[1m[92m  Downloaded[0m digest v0.10.7
[1m[92m  Downloaded[0m version_check v0.9.5
[1m[92m  Downloaded[0m cpufeatures v0.2.17
[1m[92m  Downloaded[0m itoa v1.0.18
[1m[92m  Downloaded[0m fs2 v0.4.3
[1m[92m  Downloaded[0m fallible-streaming-iterator v0.1.9
[1m[92m  Downloaded[0m generic-array v0.14.7
[1m[92m  Downloaded[0m crypto-common v0.1.7
[1m[92m  Downloaded[0m cfg-if v1.0.4
[1m[92m  Downloaded[0m hex v0.4.3
[1m[92m  Downloaded[0m hashlink v0.9.1
[1m[92m  Downloaded[0m zmij v1.0.23
[1m[92m  Downloaded[0m find-msvc-tools v0.1.11
[1m[92m  Downloaded[0m quote v1.0.47
[1m[92m  Downloaded[0m thiserror v2.0.20
[1m[92m  Downloaded[0m fallible-iterator v0.3.0
[1m[92m  Downloaded[0m once_cell v1.21.4
[1m[92m  Downloaded[0m shlex v2.0.1
[1m[92m  Downloaded[0m smallvec v1.15.2
[1m[92m  Downloaded[0m thiserror-impl v2.0.20
[1m[92m  Downloaded[0m sha2 v0.10.9
[1m[92m  Downloaded[0m bitflags v2.13.1
[1m[92m  Downloaded[0m serde_derive v1.0.229
[1m[92m  Downloaded[0m unicode-ident v1.0.24
[1m[92m  Downloaded[0m ahash v0.8.12
[1m[92m  Downloaded[0m proc-macro2 v1.0.107
[1m[92m  Downloaded[0m serde v1.0.229
[1m[92m  Downloaded[0m serde_core v1.0.229
[1m[92m  Downloaded[0m typenum v1.20.1
[1m[92m  Downloaded[0m cc v1.4.3
[1m[92m  Downloaded[0m memchr v2.8.3
[1m[92m  Downloaded[0m hashbrown v0.14.5
[1m[92m  Downloaded[0m rusqlite v0.32.1
[1m[92m  Downloaded[0m serde_json v1.0.151
[1m[92m  Downloaded[0m zerocopy v0.8.56
[1m[92m  Downloaded[0m syn v3.0.3
[1m[92m  Downloaded[0m vcpkg v0.2.15
[1m[92m  Downloaded[0m libc v0.2.189
[1m[92m  Downloaded[0m libsqlite3-sys v0.30.1
[1m[92m   Compiling[0m version_check v0.9.5
[1m[92m   Compiling[0m proc-macro2 v1.0.107
[1m[92m   Compiling[0m unicode-ident v1.0.24
[1m[92m   Compiling[0m quote v1.0.47
[1m[92m   Compiling[0m generic-array v0.14.7
[1m[92m   Compiling[0m zerocopy v0.8.56
[1m[92m   Compiling[0m ahash v0.8.12
[1m[92m   Compiling[0m libc v0.2.189
[1m[92m   Compiling[0m find-msvc-tools v0.1.11
[1m[92m   Compiling[0m shlex v2.0.1
[1m[92m    Checking[0m typenum v1.20.1
[1m[92m    Checking[0m cfg-if v1.0.4
[1m[92m   Compiling[0m syn v3.0.3
[1m[92m   Compiling[0m cc v1.4.3
[1m[92m   Compiling[0m serde_core v1.0.229
[1m[92m   Compiling[0m pkg-config v0.3.34
[1m[92m    Checking[0m once_cell v1.21.4
[1m[92m   Compiling[0m vcpkg v0.2.15
[1m[92m   Compiling[0m zmij v1.0.23
[1m[92m   Compiling[0m libsqlite3-sys v0.30.1
[1m[92m    Checking[0m hashbrown v0.14.5
[1m[92m    Checking[0m crypto-common v0.1.7
[1m[92m    Checking[0m block-buffer v0.10.4
[1m[92m   Compiling[0m serde_json v1.0.151
[1m[92m   Compiling[0m thiserror v2.0.20
[1m[92m   Compiling[0m serde v1.0.229
[1m[92m    Checking[0m digest v0.10.7
[1m[92m    Checking[0m hashlink v0.9.1
[1m[92m    Checking[0m cpufeatures v0.2.17
[1m[92m   Compiling[0m thiserror-impl v2.0.20
[1m[92m   Compiling[0m serde_derive v1.0.229
[1m[92m    Checking[0m smallvec v1.15.2
[1m[92m    Checking[0m bitflags v2.13.1
[1m[92m    Checking[0m fallible-iterator v0.3.0
[1m[92m    Checking[0m memchr v2.8.3
[1m[92m    Checking[0m itoa v1.0.18
[1m[92m    Checking[0m fallible-streaming-iterator v0.1.9
[1m[92m    Checking[0m sha2 v0.10.9
[1m[92m    Checking[0m fs2 v0.4.3
[1m[92m    Checking[0m hex v0.4.3
[1m[92m    Checking[0m rusqlite v0.32.1
[1m[92m    Checking[0m pong-core v0.1.0 (/Users/runner/work/pong/pong)
[1m[92m    Finished[0m `dev` profile [unoptimized + debuginfo] target(s) in 10.82s
