   Compiling version_check v0.9.5
   Compiling proc-macro2 v1.0.107
   Compiling quote v1.0.47
   Compiling unicode-ident v1.0.24
   Compiling zerocopy v0.8.56
   Compiling generic-array v0.14.7
   Compiling ahash v0.8.12
   Compiling shlex v2.0.1
    Checking typenum v1.20.1
   Compiling find-msvc-tools v0.1.11
    Checking cfg-if v1.0.4
   Compiling cc v1.4.3
   Compiling syn v3.0.3
   Compiling serde_core v1.0.229
   Compiling vcpkg v0.2.15
    Checking once_cell v1.21.4
   Compiling pkg-config v0.3.34
   Compiling libc v0.2.189
   Compiling libsqlite3-sys v0.30.1
   Compiling zmij v1.0.23
    Checking crypto-common v0.1.7
    Checking block-buffer v0.10.4
   Compiling thiserror v2.0.20
   Compiling serde_json v1.0.151
   Compiling serde v1.0.229
    Checking hashbrown v0.14.5
    Checking digest v0.10.7
   Compiling thiserror-impl v2.0.20
   Compiling serde_derive v1.0.229
    Checking hashlink v0.9.1
    Checking fallible-streaming-iterator v0.1.9
    Checking smallvec v1.15.2
    Checking memchr v2.8.3
    Checking cpufeatures v0.2.17
    Checking itoa v1.0.18
    Checking fallible-iterator v0.3.0
    Checking bitflags v2.13.1
    Checking sha2 v0.10.9
    Checking fs2 v0.4.3
    Checking hex v0.4.3
    Checking rusqlite v0.32.1
    Checking pong-core v0.1.0 (/root/pong-linux-native-6cb62fb)
    Finished `dev` profile [unoptimized + debuginfo] target(s) in 13.55s
