M2-SLICE-009 local native development evidence
Platform: Windows 11 x86_64 NTFS
Evidence class: LOCAL_NATIVE_DEVELOPMENT
Base/current HEAD at execution start: 2aab0aaf4c9ddb342939da17eddb11de4dfa66c1
Branch: dev
Working tree: UNCOMMITTED_DEVELOPMENT_TREE


>>> cargo fmt --all -- --check
EXIT_CODE=0

>>> cargo check --locked
    Checking pong-core v0.1.0 (D:\pong)
    Finished `dev` profile [unoptimized + debuginfo] target(s) in 0.68s
EXIT_CODE=0

>>> cargo test --locked --test workspace_lifecycle_contract
   Compiling pong-core v0.1.0 (D:\pong)
    Finished `test` profile [unoptimized + debuginfo] target(s) in 0.83s
     Running tests\workspace_lifecycle_contract.rs (target\debug\deps\workspace_lifecycle_contract-53828858373a2f83.exe)

running 15 tests
test l8_interrupted_transition_reopens_as_reconciling ... ok
test l3_invalid_transition_is_rejected ... ok
test l4_same_transition_retry_is_deterministic ... ok
test l6_provider_failure_is_not_core_success ... ok
test l2_open_to_close_archives_logically ... ok
test l7_core_persistence_failure_cannot_be_reported_as_provider_success ... ok
test l13_provider_specific_metadata_does_not_leak_into_context ... ok
test l1_create_to_open_is_idempotent ... ok
test l5_provider_success_remains_within_capability_boundary ... ok
test l9_unsupported_capability_is_explicit ... ok
test l14_same_operation_retry_returns_deterministic_record ... ok
test l10_status_is_read_only ... ok
test l15_provider_boundary_cannot_change_generation_or_event_order ... ok
test l11_diff_is_read_only ... ok
test l12_legacy_v01_repository_remains_readable ... ok

test result: ok. 15 passed; 0 failed; 0 ignored; 0 measured; 0 filtered out; finished in 0.08s

EXIT_CODE=0

>>> cargo test --locked --test workspace_lifecycle_integration
   Compiling pong-core v0.1.0 (D:\pong)
    Finished `test` profile [unoptimized + debuginfo] target(s) in 0.71s
     Running tests\workspace_lifecycle_integration.rs (target\debug\deps\workspace_lifecycle_integration-0d176d292dffd2fa.exe)

running 8 tests
test no_lifecycle_transition_event_is_created_for_workspace_update ... ok
test invalid_transition_stale_revision_and_stale_lease_fail_closed ... ok
test provider_failure_leaves_durable_state_unchanged_and_status_diff_are_read_only ... ok
test create_open_and_legal_transitions_are_durable_and_monotonic ... ok
test exact_retry_does_not_increment_revision_twice ... ok
test persistence_failures_leave_pre_or_post_state_and_retries_are_deterministic ... ok
test interrupted_transition_reopens_and_recovers_without_phantom_success ... ok
test legacy_v01_fixture_opens_reads_and_rejects_missing_lifecycle_without_mutation ... ok

test result: ok. 8 passed; 0 failed; 0 ignored; 0 measured; 0 filtered out; finished in 0.09s

EXIT_CODE=0

>>> cargo test --locked --test workspace_lifecycle_operation
    Finished `test` profile [unoptimized + debuginfo] target(s) in 0.05s
     Running tests\workspace_lifecycle_operation.rs (target\debug\deps\workspace_lifecycle_operation-bc01f3f202f59589.exe)

running 8 tests
test operation_identity_binds_one_durable_lifecycle_mutation_and_exact_retry ... ok
test read_like_open_status_and_diff_do_not_create_operations_or_events ... ok
test same_operation_different_action_and_stale_callers_fail_closed ... ok
test precommit_failure_rolls_back_operation_and_workspace_together ... ok
test close_transition_records_terminal_operation_without_new_event_taxonomy ... ok
test postcommit_interruption_leaves_matching_completed_operation_and_retry_is_safe ... ok
test provider_failure_does_not_create_completed_operation_or_advance_core ... ok
test legacy_v01_remains_readable_without_lifecycle_operation_writeback ... ok

test result: ok. 8 passed; 0 failed; 0 ignored; 0 measured; 0 filtered out; finished in 0.09s

EXIT_CODE=0

>>> cargo test --all --locked
   Compiling pong-core v0.1.0 (D:\pong)
    Finished `test` profile [unoptimized + debuginfo] target(s) in 6.13s
     Running unittests src\lib.rs (target\debug\deps\pong_core-f0e66f9cd419f985.exe)

running 50 tests
test canonical::tests::equivalent_object_order_has_identical_bytes_and_digest ... ok
test canonical::tests::object_keys_are_sorted_recursively ... ok
test canonical::tests::strings_use_json_escaping ... ok
test environment::tests::capture_is_allowlisted_and_deterministic ... ok
test canonical::tests::domain_is_unambiguous ... ok
test error::tests::permission_denied_io_has_a_stable_domain_code ... ok
test error::tests::protected_permission_retains_an_available_raw_os_error ... ok
test error::tests::sqlite_full_has_a_stable_domain_code ... ok
test error::tests::sqlite_read_only_has_a_stable_domain_code ... ok
test error::tests::windows_sharing_violation_is_not_misreported_as_acl_denial ... ok
test cas::tests::digest_includes_domain_separator_and_exact_bytes ... ok
test redaction::tests::byte_scan_fails_closed_without_disclosing_secret ... ok
test redaction::tests::debug_representation_does_not_expose_registered_secrets ... ok
test redaction::tests::secret_bearing_object_keys_are_replaced_without_collisions ... ok
test redaction::tests::short_registered_secrets_are_rejected ... ok
test redaction::tests::redaction_is_deterministic_and_recursive ... ok
test metadata::tests::ref_compare_and_swap_rejects_stale_writer ... ok
test metadata::tests::idempotency_returns_original_result_and_rejects_changed_digest ... ok
test metadata::tests::duplicate_intent_with_changed_content_is_rejected ... ok
test metadata::tests::events_have_monotonic_stream_sequences_and_deduplicate ... ok
test metadata::tests::repository_format_is_pinned ... ok
test metadata::tests::unfinished_intent_is_visible_for_recovery ... ok
test atomic_replace::tests::sync_directory_accepts_an_existing_directory ... ok
test metadata::tests::duplicate_event_id_with_changed_metadata_is_rejected ... ok
test metadata::tests::legacy_repository_without_profile_metadata_fails_closed ... ok
test metadata::tests::opening_database_with_existing_secret_fails_closed ... ok
test atomic_replace::tests::atomic_replace_overwrites_existing_file ... ok
test cas::tests::configured_secret_is_rejected_before_cas_publication ... ok
test cas::tests::wrong_expected_digest_is_rejected_before_publication ... ok
test cas::tests::malformed_digest_and_domain_are_rejected ... ok
test atomic_replace::tests::no_replace_directory_publish_preserves_an_existing_destination ... ok
test cas::tests::injected_short_write_cleans_staging_and_publishes_nothing ... ok
test cas::tests::injected_publication_failure_cleans_staging ... ok
test repository::tests::missing_marker_is_not_treated_as_an_initialized_repository ... ok
test cas::tests::injected_permission_failure_is_stable_without_changing_host_acl ... ok
test cas::tests::injected_quota_failure_cleans_partial_staging_bytes ... ok
test cas::tests::injected_directory_sync_failure_leaves_a_retryable_published_object ... ok
test cas::tests::put_get_and_repeat_are_verified ... ok
test cas::tests::injected_startup_scan_failure_does_not_disable_normal_reopen ... ok
test cas::tests::existing_secret_bytes_block_cas_startup ... ok
test environment::tests::persisted_environment_identity_is_immutable ... ok
test cas::tests::tampering_is_integrity_error_and_quarantined ... ok
test metadata::tests::registered_secret_never_reaches_sqlite_or_wal_bytes ... ok
test metadata::tests::redaction_profile_is_pinned_across_reopen ... ok
test repository::tests::init_creates_durable_layout_and_marker ... ok
test repository::tests::startup_does_not_recreate_missing_cas_directories ... ok
test repository::tests::unsupported_marker_fails_before_metadata_open ... ok
test repository::tests::opening_repository_classifies_orphan_intents_as_unknown ... ok
test repository::tests::init_is_idempotent_and_open_reuses_the_same_format ... ok
test repository::tests::repository_wires_one_redaction_policy_into_metadata_and_cas ... ok

test result: ok. 50 passed; 0 failed; 0 ignored; 0 measured; 0 filtered out; finished in 0.11s

     Running tests\artifact_consistency.rs (target\debug\deps\artifact_consistency-28539f6412e2d194.exe)

running 2 tests
test retained_m1_raw_logs_and_fault_matrix_references_are_consistent ... ok
test release_bundle_checksums_and_status_matrix_are_consistent ... ok

test result: ok. 2 passed; 0 failed; 0 ignored; 0 measured; 0 filtered out; finished in 0.06s

     Running tests\cas_failpoints.rs (target\debug\deps\cas_failpoints-b87af8c34c28cb90.exe)

running 1 test
test fi08_directory_sync_fault_cold_reopen_verifies_object_and_retry_is_idempotent ... ok

test result: ok. 1 passed; 0 failed; 0 ignored; 0 measured; 0 filtered out; finished in 0.01s

     Running tests\compatibility_boundaries.rs (target\debug\deps\compatibility_boundaries-e8d9fd61e21e7ff8.exe)

running 9 tests
test previous_event_schema_is_read_without_rewriting_opaque_fields ... ok
test incompatible_operations_object_fails_before_additive_schema_mutation ... ok
test unsupported_metadata_format_is_rejected_before_schema_mutation ... ok
test legacy_metadata_without_profile_is_rejected_before_schema_mutation ... ok
test v01_database_cold_open_keeps_legacy_rows_and_adds_additive_tables ... ok
test unsupported_marker_version_fails_before_repository_is_healthy ... ok
test redaction_profile_mismatch_requires_explicit_compatibility_choice ... ok
test current_marker_fixture_round_trips_with_additive_fields ... ok
test migration_backs_up_raw_v01_without_mutating_source_schema ... ok

test result: ok. 9 passed; 0 failed; 0 ignored; 0 measured; 0 filtered out; finished in 0.15s

     Running tests\deterministic_diff.rs (target\debug\deps\deterministic_diff-19e007aa18c8e16a.exe)

running 12 tests
test d1_identical_snapshots_have_empty_diff ... ok
test d10_cold_reopen_preserves_diff_result ... ok
test d9_corrupt_manifest_fails_closed ... ok
test d3_removed_file_is_reported ... ok
test d5_file_directory_replacement_is_type_changed ... ok
test d2_added_file_is_reported ... ok
test d4_modified_file_includes_old_and_new_metadata ... ok
test d7_repeated_diff_is_deterministically_serialized_and_ordered ... ok
test d6_multiple_changes_are_classified_without_unchanged_entries ... ok
test d11_raw_v01_repository_remains_openable_and_diff_is_additive ... ok
test d8_performance_sanity_scales_manifest_sizes ... ok
test d8_ten_thousand_entries_have_linear_manifest_diff ... ok

test result: ok. 12 passed; 0 failed; 0 ignored; 0 measured; 0 filtered out; finished in 5.59s

     Running tests\durable_restore.rs (target\debug\deps\durable_restore-cf5ee6bf063fbbfe.exe)

running 8 tests
test existing_destination_is_rejected_without_overwrite ... ok
test materialization_failure_is_durable_and_retry_can_converge ... ok
test missing_blob_fails_closed_without_successful_restore ... ok
test restore_new_destination_persists_operation_and_event ... ok
test restore_result_payload_is_structured ... ok
test parent_sync_failure_is_unknown_and_retry_is_safe ... ok
test persistence_failure_after_materialization_reconciles_on_retry ... ok
test restore_cold_reopen_and_retry_are_idempotent ... ok

test result: ok. 8 passed; 0 failed; 0 ignored; 0 measured; 0 filtered out; finished in 0.12s

     Running tests\event_projection.rs (target\debug\deps\event_projection-a07552972a6f8c15.exe)

running 3 tests
test envelopes_have_project_cursor_and_legacy_event_compatibility ... ok
test unknown_event_type_degrades_projection_without_dropping_source ... ok
test projection_apply_is_idempotent_and_rebuild_is_stable ... ok

test result: ok. 3 passed; 0 failed; 0 ignored; 0 measured; 0 filtered out; finished in 0.00s

     Running tests\host_resource_faults.rs (target\debug\deps\host_resource_faults-69174d991ec60b92.exe)

running 1 test
test fi_13_real_windows_acl_read_revocation_fails_closed_and_recovers ... ignored, FI-13 host evidence: set PONG_HOST_FAULT_ROOT to an empty NTFS scratch directory

test result: ok. 0 passed; 0 failed; 1 ignored; 0 measured; 0 filtered out; finished in 0.00s

     Running tests\m1_primitives.rs (target\debug\deps\m1_primitives-78c1cdffea482624.exe)

running 2 tests
test event_and_idempotency_records_are_replay_safe ... ok
test cas_and_metadata_ports_share_m1_identity_rules ... ok

test result: ok. 2 passed; 0 failed; 0 ignored; 0 measured; 0 filtered out; finished in 0.05s

     Running tests\metadata_failpoints.rs (target\debug\deps\metadata_failpoints-1ec30cacb9753684.exe)

running 6 tests
test failpoints_are_disabled_by_default_and_one_shot ... ok
test recovery_boundaries_never_fabricate_success_and_converge_to_unknown ... ok
test outcome_boundaries_preserve_pre_state_or_post_state ... ok
test intent_after_commit_returns_fault_but_survives_cold_reopen ... ok
test sqlite_commit_failpoints_cover_wal_pre_and_post_visibility ... ok
test fi01_before_intent_commit_cold_reopen_preserves_pre_state_and_retry_publishes_once ... ok

test result: ok. 6 passed; 0 failed; 0 ignored; 0 measured; 0 filtered out; finished in 0.09s

     Running tests\migration_fixtures.rs (target\debug\deps\migration_fixtures-a2e558644ee7b643.exe)

running 2 tests
test migration_interruption_fixture_requires_cold_reopen_and_forbids_mixed_state ... ok
test previous_generation_fixture_preserves_identity_and_opaque_data ... ok

test result: ok. 2 passed; 0 failed; 0 ignored; 0 measured; 0 filtered out; finished in 0.00s

     Running tests\operation_ledger.rs (target\debug\deps\operation_ledger-13898ff3be777f79.exe)

running 8 tests
test operation_start_finish_is_durable_and_emits_ordered_events ... ok
test operation_request_retry_is_idempotent_but_changed_content_is_rejected ... ok
test terminal_outcome_is_idempotent_and_cannot_be_rewritten ... ok
test operation_bindings_require_existing_same_project_records ... ok
test cancelled_unknown_and_recording_quality_are_explicit_states ... ok
test operation_finish_commit_faults_preserve_pre_or_post_state ... ok
test operation_redaction_applies_before_sqlite_and_event_persistence ... ok
test operation_commit_faults_are_pre_or_post_state_after_cold_reopen ... ok

test result: ok. 8 passed; 0 failed; 0 ignored; 0 measured; 0 filtered out; finished in 0.11s

     Running tests\performance_measurements.rs (target\debug\deps\performance_measurements-6917ddceb46af410.exe)

running 1 test
test m1_performance_probe_writes_reproducible_record ... ignored, measurement-only; run explicitly with --ignored

test result: ok. 0 passed; 0 failed; 1 ignored; 0 measured; 0 filtered out; finished in 0.00s

     Running tests\process_kill_migration.rs (target\debug\deps\process_kill_migration-b166e3a60c526a33.exe)

running 3 tests
test child_migration_entrypoint ... ok

running 1 test

running 1 test
test process_kill_before_selector_leaves_legacy_only ... ok
test process_kill_after_selector_uses_new_generation_only ... ok

test result: ok. 3 passed; 0 failed; 0 ignored; 0 measured; 0 filtered out; finished in 0.27s

     Running tests\process_kill_recovery.rs (target\debug\deps\process_kill_recovery-42b8643cce16bf9a.exe)

running 3 tests
test child_process_entrypoint ... ok

running 1 test

running 1 test
test process_kill_after_outcome_keeps_republishable_outbox ... ok
test process_kill_after_intent_never_becomes_success ... ok

test result: ok. 3 passed; 0 failed; 0 ignored; 0 measured; 0 filtered out; finished in 0.22s

     Running tests\property_corpus.rs (target\debug\deps\property_corpus-451bb7636f091d28.exe)

running 10 tests
test pt04_generated_ref_writer_order_has_one_cas_winner ... ok
test pt08_key_reuse_is_rejected_and_scopes_do_not_alias ... ok
test pt07_same_key_and_digest_has_one_idempotency_transition ... ok
test pt06_duplicate_event_permutations_converge_in_the_event_store ... ok
test pt05_event_sequences_are_contiguous_per_stream_and_duplicates_converge ... ok
test pt01_canonical_json_and_covered_bytes_have_one_identity ... ok
test pt12_redaction_is_deterministic_and_uses_an_opaque_fixed_marker ... ok
test pt02_concurrent_identical_cas_puts_converge ... ok
test pt11_registered_secrets_are_closed_over_persisted_metadata_and_cas ... ok
test pt03_metadata_commit_boundary_is_pre_or_post_state ... ok

test result: ok. 10 passed; 0 failed; 0 ignored; 0 measured; 0 filtered out; finished in 4.58s

     Running tests\property_recovery_migration.rs (target\debug\deps\property_recovery_migration-232da1aaf019057e.exe)

running 4 tests
test pt14_retry_does_not_retry_terminal_protected_denial ... ok
test pt10_crash_schedules_never_turn_an_unresolved_intent_into_success ... ok
test pt14_migration_failpoints_are_old_or_verified_new_and_retry_idempotently ... ok
test pt09_recovery_converges_across_interleavings_and_commit_boundaries ... ok

test result: ok. 4 passed; 0 failed; 0 ignored; 0 measured; 0 filtered out; finished in 4.49s

     Running tests\pt13_fi10.rs (target\debug\deps\pt13_fi10-54d3da31c969b7d2.exe)

running 8 tests
test fi10_repeated_crash_reopen_is_idempotent ... ok
test pt13_generation_assertions_fail_closed_and_matching_identity_succeeds ... ok
test pt13_malformed_envelope_and_corrupted_projection_fail_closed ... ok
test pt13_source_generation_remains_available_for_audit_after_b_is_active ... ok
test pt13_migration_a_to_b_preserves_projection_semantics_and_source_events ... ok
test pt13_duplicate_event_identity_and_stale_cursor_fail_closed ... ok
test fi10_projection_failpoint_schedule_converges_to_clean_replay_after_reopen ... ok
test fi10_migration_interruption_keeps_generation_and_projection_aligned ... ok

test result: ok. 8 passed; 0 failed; 0 ignored; 0 measured; 0 filtered out; finished in 1.40s

     Running tests\recovery_boundaries.rs (target\debug\deps\recovery_boundaries-b0d53a643756d333.exe)

running 7 tests
test outcome_and_published_transitions_are_idempotent ... ok
test orphan_intents_are_marked_unknown_once_and_keep_the_intent_payload ... ok
test outcome_durable_rows_remain_available_for_publication_recovery ... ok
test unsupported_repository_format_is_rejected_before_open ... ok
test corrupt_cas_object_is_quarantined_and_never_read_as_success ... ok
test idempotency_record_survives_restart_without_second_mutation ... ok
test committed_metadata_survives_reopen_and_uses_full_wal_durability ... ok

test result: ok. 7 passed; 0 failed; 0 ignored; 0 measured; 0 filtered out; finished in 0.03s

     Running tests\repository_failpoints.rs (target\debug\deps\repository_failpoints-c3e1c6ba435942c4.exe)

running 2 tests
test repository_cas_quota_fixture_is_one_shot_and_cleans_staging ... ok
test startup_recovery_fault_is_retried_after_cold_reopen_and_converges ... ok

test result: ok. 2 passed; 0 failed; 0 ignored; 0 measured; 0 filtered out; finished in 0.14s

     Running tests\repository_migration.rs (target\debug\deps\repository_migration-258c370d825b9ea3.exe)

running 8 tests
test invalid_migration_paths_are_rejected_before_the_repository_is_touched ... ok
test legacy_v01_reader_boundary_rejects_the_generation_selector_before_mutation ... ok
test changed_source_rejects_retry_and_does_not_reuse_an_unpublished_target ... ok
test legacy_migration_builds_a_generation_and_preserves_durable_state ... ok
test migration_preserves_the_redaction_profile_and_full_tree_secret_boundary ... ok
test foreign_valid_generation_database_cannot_replace_the_active_identity ... ok
test corrupted_selector_or_active_manifest_fails_closed ... ok
test migration_failpoints_expose_only_legacy_or_active_generation_after_cold_restart ... ok

test result: ok. 8 passed; 0 failed; 0 ignored; 0 measured; 0 filtered out; finished in 0.75s

     Running tests\security_boundaries.rs (target\debug\deps\security_boundaries-84d9975bdc0b3e25.exe)

running 1 test
test full_pong_tree_is_secret_free_and_unknown_files_fail_closed ... ok

test result: ok. 1 passed; 0 failed; 0 ignored; 0 measured; 0 filtered out; finished in 0.13s

     Running tests\snapshot_publication.rs (target\debug\deps\snapshot_publication-530f52d44902b8e1.exe)

running 4 tests
test snapshot_publication_retry_after_post_commit_fault_is_idempotent ... ok
test snapshot_publication_persists_metadata_head_and_linked_event ... ok
test snapshot_publication_cold_reopen_keeps_metadata_and_head_atomic ... ok
test snapshot_publication_precommit_metadata_and_head_failures_leave_old_state ... ok

test result: ok. 4 passed; 0 failed; 0 ignored; 0 measured; 0 filtered out; finished in 0.22s

     Running tests\wal_tail_recovery.rs (target\debug\deps\wal_tail_recovery-c51572a3d5df52cd.exe)

running 1 test
test truncated_wal_tail_never_fabricates_an_event_after_cold_restart ... ok

test result: ok. 1 passed; 0 failed; 0 ignored; 0 measured; 0 filtered out; finished in 0.19s

     Running tests\workspace_diff.rs (target\debug\deps\workspace_diff-9ccdb311b16936e2.exe)

running 15 tests
test w15_current_tree_secret_bytes_fail_closed ... ok
test w1_clean_workspace_matches_head_snapshot ... ok
test w10_missing_head_snapshot_is_integrity_error ... ok
test w2_added_file_is_reported ... ok
test w3_deleted_file_is_reported ... ok
test w13_head_identity_corruption_fails_closed_before_current_tree_scan ... ok
test w4_modified_file_is_reported ... ok
test w7_repeated_scan_of_the_same_tree_has_identical_result ... ok
test w12_mutation_between_observations_is_explicitly_point_in_time ... ok
test w9_corrupt_reference_manifest_fails_closed ... ok
test w6_multiple_changes_are_deterministic_and_omit_unchanged_paths ... ok
test w11_cold_reopen_preserves_workspace_diff ... ok
test w5_file_to_directory_and_directory_to_file_are_type_changes ... ok
test w8_ten_thousand_files_are_classified_correctly ... ok
test w14_performance_samples_cover_documented_tree_sizes ... ok

test result: ok. 15 passed; 0 failed; 0 ignored; 0 measured; 0 filtered out; finished in 5.50s

     Running tests\workspace_diff_reconciliation.rs (target\debug\deps\workspace_diff_reconciliation-4df0f4302724e463.exe)

running 11 tests
test observation_records_revision_environment_and_stability ... ok
test repeated_observations_are_deterministic_and_read_only ... ok
test environment_binding_mismatch_fails_closed ... ok
test cold_reopen_preserves_observation_semantics ... ok
test head_change_is_observed_from_the_new_durable_reference ... ok
test snapshot_publication_reconciles_head_and_next_diff_is_empty ... ok
test legacy_repository_remains_readable_without_diff_mutation ... ok
test restore_materialization_can_be_diffed_and_modification_is_visible ... ok
test head_change_during_scan_returns_unstable_observation ... ok
test revision_change_during_scan_returns_unstable_observation ... ok
test reconciliation_performance_samples_cover_1k_and_10k_entries ... ok

test result: ok. 11 passed; 0 failed; 0 ignored; 0 measured; 0 filtered out; finished in 5.97s

     Running tests\workspace_faults.rs (target\debug\deps\workspace_faults-0182a3d5e5cdaabb.exe)

running 8 tests
test orphan_materialization_cleanup_is_explicit_and_reopen_safe ... ok
test parent_sync_failure_is_outcome_unknown_and_preserves_published_destination ... ok
test materialization_cleanup_failure_reports_recovery_required_and_retains_orphan ... ok
test materialization_fault_actions_have_stable_domain_codes ... ok
test materialization_write_sync_tree_sync_and_rename_failures_clean_temporary_only ... ok
test manager_head_update_commit_failure_leaves_head_and_revision_unchanged ... ok
test cas_blob_and_manifest_publication_faults_leave_no_partial_object ... ok
test manager_cas_failure_does_not_advance_workspace_head_or_revision ... ok

test result: ok. 8 passed; 0 failed; 0 ignored; 0 measured; 0 filtered out; finished in 0.12s

     Running tests\workspace_lifecycle_contract.rs (target\debug\deps\workspace_lifecycle_contract-53828858373a2f83.exe)

running 15 tests
test l13_provider_specific_metadata_does_not_leak_into_context ... ok
test l1_create_to_open_is_idempotent ... ok
test l2_open_to_close_archives_logically ... ok
test l3_invalid_transition_is_rejected ... ok
test l5_provider_success_remains_within_capability_boundary ... ok
test l6_provider_failure_is_not_core_success ... ok
test l8_interrupted_transition_reopens_as_reconciling ... ok
test l9_unsupported_capability_is_explicit ... ok
test l4_same_transition_retry_is_deterministic ... ok
test l7_core_persistence_failure_cannot_be_reported_as_provider_success ... ok
test l15_provider_boundary_cannot_change_generation_or_event_order ... ok
test l10_status_is_read_only ... ok
test l14_same_operation_retry_returns_deterministic_record ... ok
test l11_diff_is_read_only ... ok
test l12_legacy_v01_repository_remains_readable ... ok

test result: ok. 15 passed; 0 failed; 0 ignored; 0 measured; 0 filtered out; finished in 0.08s

     Running tests\workspace_lifecycle_integration.rs (target\debug\deps\workspace_lifecycle_integration-0d176d292dffd2fa.exe)

running 8 tests
test invalid_transition_stale_revision_and_stale_lease_fail_closed ... ok
test no_lifecycle_transition_event_is_created_for_workspace_update ... ok
test provider_failure_leaves_durable_state_unchanged_and_status_diff_are_read_only ... ok
test exact_retry_does_not_increment_revision_twice ... ok
test persistence_failures_leave_pre_or_post_state_and_retries_are_deterministic ... ok
test legacy_v01_fixture_opens_reads_and_rejects_missing_lifecycle_without_mutation ... ok
test create_open_and_legal_transitions_are_durable_and_monotonic ... ok
test interrupted_transition_reopens_and_recovers_without_phantom_success ... ok

test result: ok. 8 passed; 0 failed; 0 ignored; 0 measured; 0 filtered out; finished in 0.10s

     Running tests\workspace_lifecycle_operation.rs (target\debug\deps\workspace_lifecycle_operation-bc01f3f202f59589.exe)

running 8 tests
test operation_identity_binds_one_durable_lifecycle_mutation_and_exact_retry ... ok
test provider_failure_does_not_create_completed_operation_or_advance_core ... ok
test read_like_open_status_and_diff_do_not_create_operations_or_events ... ok
test same_operation_different_action_and_stale_callers_fail_closed ... ok
test precommit_failure_rolls_back_operation_and_workspace_together ... ok
test close_transition_records_terminal_operation_without_new_event_taxonomy ... ok
test postcommit_interruption_leaves_matching_completed_operation_and_retry_is_safe ... ok
test legacy_v01_remains_readable_without_lifecycle_operation_writeback ... ok

test result: ok. 8 passed; 0 failed; 0 ignored; 0 measured; 0 filtered out; finished in 0.11s

     Running tests\workspace_snapshot.rs (target\debug\deps\workspace_snapshot-9230ea85d06101b8.exe)

running 11 tests
test environment_facts_never_persist_sensitive_allowlist_keys ... ok
test local_snapshot_enforces_file_count_and_single_file_size_limits ... ok
test lease_epoch_and_workspace_revision_reject_stale_writers ... ok
test workspace_update_rejects_missing_and_wrong_project_environment_bindings ... ok
test malformed_tree_paths_fail_closed_before_materialization ... ok
test local_snapshot_is_canonical_and_materializes_without_partial_destination ... ok
test post_commit_workspace_creation_error_keeps_the_committed_materialization ... ok
test workspace_creation_rejects_missing_or_wrong_project_environment_without_leaking_directory ... ok
test workspace_manager_keeps_physical_path_outside_pong_and_advances_head_under_lease ... ok
test expired_lease_takeover_and_workspace_records_survive_cold_reopen ... ok
test registered_secret_blocks_manager_snapshot_without_advancing_workspace ... ok

test result: ok. 11 passed; 0 failed; 0 ignored; 0 measured; 0 filtered out; finished in 0.10s

     Running tests\workspace_status.rs (target\debug\deps\workspace_status-bd27cf5f0eebbb71.exe)

running 13 tests
test status_unknown_workspace_is_not_found ... ok
test status_does_not_require_a_snapshot_for_a_legacy_style_workspace ... ok
test status_before_snapshot_has_no_comparison_baseline_and_is_read_only ... ok
test status_lease_takeover_reports_the_new_epoch_and_owner ... ok
test status_fails_closed_for_cross_project_environment ... ok
test status_compares_filesystem_to_published_head ... ok
test status_serializes_as_a_stable_json_view ... ok
test status_reports_latest_operation_and_unresolved_state ... ok
test status_lease_expiry_is_not_active_and_does_not_mutate ... ok
test status_fails_closed_for_missing_head_snapshot ... ok
test status_after_restore_keeps_head_and_reports_completed_restore ... ok
test status_opens_a_raw_v01_repository_without_a_snapshot_head ... ok
test status_survives_cold_reopen_with_same_authoritative_state ... ok

test result: ok. 13 passed; 0 failed; 0 ignored; 0 measured; 0 filtered out; finished in 0.15s

   Doc-tests pong_core

running 0 tests

test result: ok. 0 passed; 0 failed; 0 ignored; 0 measured; 0 filtered out; finished in 0.00s

EXIT_CODE=0

>>> cargo clippy --all-targets --all-features --locked -- -D warnings
    Finished `dev` profile [unoptimized + debuginfo] target(s) in 0.49s
EXIT_CODE=0

>>> git diff --check
warning: in the working copy of 'docs/development/M2_WORKSPACE_SNAPSHOT_GATE.md', LF will be replaced by CRLF the next time Git touches it
warning: in the working copy of 'docs/roadmap/CHANGELOG.md', LF will be replaced by CRLF the next time Git touches it
warning: in the working copy of 'docs/roadmap/NEXT_TASK.md', LF will be replaced by CRLF the next time Git touches it
warning: in the working copy of 'src/lib.rs', LF will be replaced by CRLF the next time Git touches it
warning: in the working copy of 'src/metadata.rs', LF will be replaced by CRLF the next time Git touches it
warning: in the working copy of 'src/workspace.rs', LF will be replaced by CRLF the next time Git touches it
warning: in the working copy of 'tests/compatibility_boundaries.rs', LF will be replaced by CRLF the next time Git touches it
EXIT_CODE=0

OVERALL_EXIT_CODE=0
