(Reading database ... 
(Reading database ... 5%
(Reading database ... 10%
(Reading database ... 15%
(Reading database ... 20%
(Reading database ... 25%
(Reading database ... 30%
(Reading database ... 35%
(Reading database ... 40%
(Reading database ... 45%
(Reading database ... 50%
(Reading database ... 55%
(Reading database ... 60%
(Reading database ... 65%
(Reading database ... 70%
(Reading database ... 75%
(Reading database ... 80%
(Reading database ... 85%
(Reading database ... 90%
(Reading database ... 95%
(Reading database ... 100%
(Reading database ... 9029 files and directories currently installed.)
Preparing to unpack .../dpkg_1.21.23_amd64.deb ...
Unpacking dpkg (1.21.23) over (1.21.22) ...
Setting up dpkg (1.21.23) ...
(Reading database ... 
(Reading database ... 5%
(Reading database ... 10%
(Reading database ... 15%
(Reading database ... 20%
(Reading database ... 25%
(Reading database ... 30%
(Reading database ... 35%
(Reading database ... 40%
(Reading database ... 45%
(Reading database ... 50%
(Reading database ... 55%
(Reading database ... 60%
(Reading database ... 65%
(Reading database ... 70%
(Reading database ... 75%
(Reading database ... 80%
(Reading database ... 85%
(Reading database ... 90%
(Reading database ... 95%
(Reading database ... 100%
(Reading database ... 9029 files and directories currently installed.)
Preparing to unpack .../perl-base_5.36.0-7+deb12u3_amd64.deb ...
Unpacking perl-base (5.36.0-7+deb12u3) over (5.36.0-7+deb12u1) ...
Setting up perl-base (5.36.0-7+deb12u3) ...
Selecting previously unselected package perl-modules-5.36.
(Reading database ... 
(Reading database ... 5%
(Reading database ... 10%
(Reading database ... 15%
(Reading database ... 20%
(Reading database ... 25%
(Reading database ... 30%
(Reading database ... 35%
(Reading database ... 40%
(Reading database ... 45%
(Reading database ... 50%
(Reading database ... 55%
(Reading database ... 60%
(Reading database ... 65%
(Reading database ... 70%
(Reading database ... 75%
(Reading database ... 80%
(Reading database ... 85%
(Reading database ... 90%
(Reading database ... 95%
(Reading database ... 100%
(Reading database ... 9029 files and directories currently installed.)
Preparing to unpack .../00-perl-modules-5.36_5.36.0-7+deb12u3_all.deb ...
Unpacking perl-modules-5.36 (5.36.0-7+deb12u3) ...
Selecting previously unselected package libgdbm6:amd64.
Preparing to unpack .../01-libgdbm6_1.23-3_amd64.deb ...
Unpacking libgdbm6:amd64 (1.23-3) ...
Selecting previously unselected package libgdbm-compat4:amd64.
Preparing to unpack .../02-libgdbm-compat4_1.23-3_amd64.deb ...
Unpacking libgdbm-compat4:amd64 (1.23-3) ...
Selecting previously unselected package libperl5.36:amd64.
Preparing to unpack .../03-libperl5.36_5.36.0-7+deb12u3_amd64.deb ...
Unpacking libperl5.36:amd64 (5.36.0-7+deb12u3) ...
Selecting previously unselected package perl.
Preparing to unpack .../04-perl_5.36.0-7+deb12u3_amd64.deb ...
Unpacking perl (5.36.0-7+deb12u3) ...
Preparing to unpack .../05-libcc1-0_12.2.0-14+deb12u1_amd64.deb ...
Unpacking libcc1-0:amd64 (12.2.0-14+deb12u1) over (12.2.0-14) ...
Preparing to unpack .../06-libgomp1_12.2.0-14+deb12u1_amd64.deb ...
Unpacking libgomp1:amd64 (12.2.0-14+deb12u1) over (12.2.0-14) ...
Preparing to unpack .../07-libitm1_12.2.0-14+deb12u1_amd64.deb ...
Unpacking libitm1:amd64 (12.2.0-14+deb12u1) over (12.2.0-14) ...
Preparing to unpack .../08-libatomic1_12.2.0-14+deb12u1_amd64.deb ...
Unpacking libatomic1:amd64 (12.2.0-14+deb12u1) over (12.2.0-14) ...
Preparing to unpack .../09-libasan8_12.2.0-14+deb12u1_amd64.deb ...
Unpacking libasan8:amd64 (12.2.0-14+deb12u1) over (12.2.0-14) ...
Preparing to unpack .../10-liblsan0_12.2.0-14+deb12u1_amd64.deb ...
Unpacking liblsan0:amd64 (12.2.0-14+deb12u1) over (12.2.0-14) ...
Preparing to unpack .../11-libtsan2_12.2.0-14+deb12u1_amd64.deb ...
Unpacking libtsan2:amd64 (12.2.0-14+deb12u1) over (12.2.0-14) ...
Preparing to unpack .../12-libubsan1_12.2.0-14+deb12u1_amd64.deb ...
Unpacking libubsan1:amd64 (12.2.0-14+deb12u1) over (12.2.0-14) ...
Preparing to unpack .../13-libquadmath0_12.2.0-14+deb12u1_amd64.deb ...
Unpacking libquadmath0:amd64 (12.2.0-14+deb12u1) over (12.2.0-14) ...
Preparing to unpack .../14-libgcc-12-dev_12.2.0-14+deb12u1_amd64.deb ...
Unpacking libgcc-12-dev:amd64 (12.2.0-14+deb12u1) over (12.2.0-14) ...
Preparing to unpack .../15-gcc-12_12.2.0-14+deb12u1_amd64.deb ...
Unpacking gcc-12 (12.2.0-14+deb12u1) over (12.2.0-14) ...
Preparing to unpack .../16-cpp-12_12.2.0-14+deb12u1_amd64.deb ...
Unpacking cpp-12 (12.2.0-14+deb12u1) over (12.2.0-14) ...
Preparing to unpack .../17-gcc-12-base_12.2.0-14+deb12u1_amd64.deb ...
Unpacking gcc-12-base:amd64 (12.2.0-14+deb12u1) over (12.2.0-14) ...
Setting up gcc-12-base:amd64 (12.2.0-14+deb12u1) ...
(Reading database ... 
(Reading database ... 5%
(Reading database ... 10%
(Reading database ... 15%
(Reading database ... 20%
(Reading database ... 25%
(Reading database ... 30%
(Reading database ... 35%
(Reading database ... 40%
(Reading database ... 45%
(Reading database ... 50%
(Reading database ... 55%
(Reading database ... 60%
(Reading database ... 65%
(Reading database ... 70%
(Reading database ... 75%
(Reading database ... 80%
(Reading database ... 85%
(Reading database ... 90%
(Reading database ... 95%
(Reading database ... 100%
(Reading database ... 11033 files and directories currently installed.)
Preparing to unpack .../libstdc++6_12.2.0-14+deb12u1_amd64.deb ...
Unpacking libstdc++6:amd64 (12.2.0-14+deb12u1) over (12.2.0-14) ...
Setting up libstdc++6:amd64 (12.2.0-14+deb12u1) ...
(Reading database ... 
(Reading database ... 5%
(Reading database ... 10%
(Reading database ... 15%
(Reading database ... 20%
(Reading database ... 25%
(Reading database ... 30%
(Reading database ... 35%
(Reading database ... 40%
(Reading database ... 45%
(Reading database ... 50%
(Reading database ... 55%
(Reading database ... 60%
(Reading database ... 65%
(Reading database ... 70%
(Reading database ... 75%
(Reading database ... 80%
(Reading database ... 85%
(Reading database ... 90%
(Reading database ... 95%
(Reading database ... 100%
(Reading database ... 11033 files and directories currently installed.)
Preparing to unpack .../libgcc-s1_12.2.0-14+deb12u1_amd64.deb ...
Unpacking libgcc-s1:amd64 (12.2.0-14+deb12u1) over (12.2.0-14) ...
Setting up libgcc-s1:amd64 (12.2.0-14+deb12u1) ...
(Reading database ... 
(Reading database ... 5%
(Reading database ... 10%
(Reading database ... 15%
(Reading database ... 20%
(Reading database ... 25%
(Reading database ... 30%
(Reading database ... 35%
(Reading database ... 40%
(Reading database ... 45%
(Reading database ... 50%
(Reading database ... 55%
(Reading database ... 60%
(Reading database ... 65%
(Reading database ... 70%
(Reading database ... 75%
(Reading database ... 80%
(Reading database ... 85%
(Reading database ... 90%
(Reading database ... 95%
(Reading database ... 100%
(Reading database ... 11033 files and directories currently installed.)
Preparing to unpack .../liblzma5_5.4.1-1+deb12u1_amd64.deb ...
Unpacking liblzma5:amd64 (5.4.1-1+deb12u1) over (5.4.1-0.2) ...
Setting up liblzma5:amd64 (5.4.1-1+deb12u1) ...
Selecting previously unselected package bzip2.
(Reading database ... 
(Reading database ... 5%
(Reading database ... 10%
(Reading database ... 15%
(Reading database ... 20%
(Reading database ... 25%
(Reading database ... 30%
(Reading database ... 35%
(Reading database ... 40%
(Reading database ... 45%
(Reading database ... 50%
(Reading database ... 55%
(Reading database ... 60%
(Reading database ... 65%
(Reading database ... 70%
(Reading database ... 75%
(Reading database ... 80%
(Reading database ... 85%
(Reading database ... 90%
(Reading database ... 95%
(Reading database ... 100%
(Reading database ... 11033 files and directories currently installed.)
Preparing to unpack .../0-bzip2_1.0.8-5+b1_amd64.deb ...
Unpacking bzip2 (1.0.8-5+b1) ...
Selecting previously unselected package xz-utils.
Preparing to unpack .../1-xz-utils_5.4.1-1+deb12u1_amd64.deb ...
Unpacking xz-utils (5.4.1-1+deb12u1) ...
Selecting previously unselected package libstdc++-12-dev:amd64.
Preparing to unpack .../2-libstdc++-12-dev_12.2.0-14+deb12u1_amd64.deb ...
Unpacking libstdc++-12-dev:amd64 (12.2.0-14+deb12u1) ...
Selecting previously unselected package g++-12.
Preparing to unpack .../3-g++-12_12.2.0-14+deb12u1_amd64.deb ...
Unpacking g++-12 (12.2.0-14+deb12u1) ...
Selecting previously unselected package g++.
Preparing to unpack .../4-g++_4%3a12.2.0-3_amd64.deb ...
Unpacking g++ (4:12.2.0-3) ...
Selecting previously unselected package make.
Preparing to unpack .../5-make_4.3-4.1_amd64.deb ...
Unpacking make (4.3-4.1) ...
Selecting previously unselected package libdpkg-perl.
Preparing to unpack .../6-libdpkg-perl_1.21.23_all.deb ...
Unpacking libdpkg-perl (1.21.23) ...
Selecting previously unselected package patch.
Preparing to unpack .../7-patch_2.7.6-7_amd64.deb ...
Unpacking patch (2.7.6-7) ...
Selecting previously unselected package dpkg-dev.
Preparing to unpack .../8-dpkg-dev_1.21.23_all.deb ...
Unpacking dpkg-dev (1.21.23) ...
Selecting previously unselected package build-essential.
Preparing to unpack .../9-build-essential_12.9_amd64.deb ...
Unpacking build-essential (12.9) ...
Setting up cpp-12 (12.2.0-14+deb12u1) ...
Setting up libgomp1:amd64 (12.2.0-14+deb12u1) ...
Setting up bzip2 (1.0.8-5+b1) ...
Setting up perl-modules-5.36 (5.36.0-7+deb12u3) ...
Setting up make (4.3-4.1) ...
Setting up xz-utils (5.4.1-1+deb12u1) ...
update-alternatives: using /usr/bin/xz to provide /usr/bin/lzma (lzma) in auto mode
update-alternatives: warning: skip creation of /usr/share/man/man1/lzma.1.gz because associated file /usr/share/man/man1/xz.1.gz (of link group lzma) doesn't exist
update-alternatives: warning: skip creation of /usr/share/man/man1/unlzma.1.gz because associated file /usr/share/man/man1/unxz.1.gz (of link group lzma) doesn't exist
update-alternatives: warning: skip creation of /usr/share/man/man1/lzcat.1.gz because associated file /usr/share/man/man1/xzcat.1.gz (of link group lzma) doesn't exist
update-alternatives: warning: skip creation of /usr/share/man/man1/lzmore.1.gz because associated file /usr/share/man/man1/xzmore.1.gz (of link group lzma) doesn't exist
update-alternatives: warning: skip creation of /usr/share/man/man1/lzless.1.gz because associated file /usr/share/man/man1/xzless.1.gz (of link group lzma) doesn't exist
update-alternatives: warning: skip creation of /usr/share/man/man1/lzdiff.1.gz because associated file /usr/share/man/man1/xzdiff.1.gz (of link group lzma) doesn't exist
update-alternatives: warning: skip creation of /usr/share/man/man1/lzcmp.1.gz because associated file /usr/share/man/man1/xzcmp.1.gz (of link group lzma) doesn't exist
update-alternatives: warning: skip creation of /usr/share/man/man1/lzgrep.1.gz because associated file /usr/share/man/man1/xzgrep.1.gz (of link group lzma) doesn't exist
update-alternatives: warning: skip creation of /usr/share/man/man1/lzegrep.1.gz because associated file /usr/share/man/man1/xzegrep.1.gz (of link group lzma) doesn't exist
update-alternatives: warning: skip creation of /usr/share/man/man1/lzfgrep.1.gz because associated file /usr/share/man/man1/xzfgrep.1.gz (of link group lzma) doesn't exist
Setting up libquadmath0:amd64 (12.2.0-14+deb12u1) ...
Setting up libatomic1:amd64 (12.2.0-14+deb12u1) ...
Setting up patch (2.7.6-7) ...
Setting up libubsan1:amd64 (12.2.0-14+deb12u1) ...
Setting up libasan8:amd64 (12.2.0-14+deb12u1) ...
Setting up libtsan2:amd64 (12.2.0-14+deb12u1) ...
Setting up libcc1-0:amd64 (12.2.0-14+deb12u1) ...
Setting up liblsan0:amd64 (12.2.0-14+deb12u1) ...
Setting up libitm1:amd64 (12.2.0-14+deb12u1) ...
Setting up libgdbm6:amd64 (1.23-3) ...
Setting up libgcc-12-dev:amd64 (12.2.0-14+deb12u1) ...
Setting up libgdbm-compat4:amd64 (1.23-3) ...
Setting up libperl5.36:amd64 (5.36.0-7+deb12u3) ...
Setting up libstdc++-12-dev:amd64 (12.2.0-14+deb12u1) ...
Setting up perl (5.36.0-7+deb12u3) ...
Setting up gcc-12 (12.2.0-14+deb12u1) ...
Setting up libdpkg-perl (1.21.23) ...
Setting up g++-12 (12.2.0-14+deb12u1) ...
Setting up dpkg-dev (1.21.23) ...
Setting up g++ (4:12.2.0-3) ...
update-alternatives: using /usr/bin/g++ to provide /usr/bin/c++ (c++) in auto mode
Setting up build-essential (12.9) ...
Processing triggers for libc-bin (2.36-9+deb12u7) ...
running 1 test
FI-14:metadata platform=linux filesystem=tmpfs initial_available=66957312 bytes_written=66912256 kernel_error=28 pong_code=RESOURCE_EXHAUSTED
test fi_14_real_enospc_during_metadata_write_preserves_committed_history ... ok

test result: ok. 1 passed; 0 failed; 0 ignored; 0 measured; 2 filtered out; finished in 0.04s

